// Jest Snapshot v1, https://goo.gl/fbAQLP

exports[`<Main /> should render the heading 1`] = `
<main
  class="sc-bdvvtL ihIfbc"
>
  <img
    alt="Imagem de um átomo e React Avançado escrito ao lado."
    class="sc-gsDKAQ inMUEH"
    src="/image/logo.svg"
  />
  <h1
    class="sc-dkPtRN CuvGZ"
  >
    React Avançado
  </h1>
  <h2
    class="sc-hKwDye lkumfe"
  >
    TypeScript, ReactJS, NextJS e Styled Components
  </h2>
  <img
    alt="Um desenvolvedor de frente para uma tela com código."
    class="sc-eCImPb gPbcQi"
    src="/image/hero-illustration.svg"
  />
</main>
`;
